// Jest Snapshot v1, https://goo.gl/fbAQLP

exports[`Test component, returned by HOC withBooleanToggle 1`] = `
<div>
  <div>
    isActive prop value equal to false
  </div>
  <button
    onClick={[Function]}
    type="button"
  >
    Just a button
  </button>
</div>
`;
